     1  0000: 02 01 00  	LJMP START
     2                  
     3  0100:           	ORG 100H
     4                  
     5  0100:           START:	
     6                  
     7  0100: 12 81 1C  	LCALL WAIT_KEY
     8                  
     9  0103: 60 22     	JZ STOP
    10                  
    11  0105: F9        	MOV R1, A
    12                  
    13  0106: 12 81 1C  	LCALL WAIT_KEY
    14                  
    15  0109: 60 1C     	JZ STOP
    16                  
    17  010B: F8        	MOV R0,A
    18                  
    19  010C: F5 F0     	MOV B,A
    20                  
    21  010E:           L2:	
    22                  
    23  010E: 74 1E     	MOV A,#30	
    24                  
    25  0110: 12 81 12  	LCALL DELAY_100MS	
    26                  
    27                  		
    28  0113: C2 97     L1:	CLR P1.7
    29                  	
    30  0115: 74 01     	MOV A,#1
    31                  
    32  0117: 12 81 12  	LCALL DELAY_100MS
    33                  
    34  011A: D2 97     	SETB P1.7
    35                  
    36  011C: 74 0A     	MOV A,#10
    37                  
    38  011E: 12 81 12  	LCALL DELAY_100MS
    39                  
    40  0121: D8 F0     	DJNZ R0,L1
    41                  
    42  0123: A8 F0     	MOV R0, B
    43                  
    44  0125: D9 E7     	DJNZ R1, L2
    45                  
    46  0127:           STOP:
    47                  
    48  0127: 80 FE     	SJMP STOP
