     1                  LJMP START
***** Bù§D 2 : NIEZNANY MNEMONIK *****
     2                  
     3  0100:           	ORG 100H
     4                  
     5  0100:           START:	
     6                  
     7  0100: 12 81 0C  	LCALL LCD_CLR
     8                  
     9                  	mov A, #10110110B
***** Bù§D 2 : NIEZNANY MNEMONIK *****
    10                  
    11  0103: F5 F0     	MOV B, A
    12                  
    13  0105: 79 08     	MOV R1, #8
    14                  
    15  0107:           LOOP:
    16                  
    17  0107: E5 F0     	MOV A, B
    18                  
    19  0109: 33        	RLC A
    20                  
    21  010A: F5 F0     	MOV B, A
    22                  
    23  010C: 40 04     	JC L1
    24                  
    25  010E: 74 30     	MOV A, #'0'
    26                  
    27  0110: 80 02     	SJMP L2
    28                  
    29  0112:           L1:
    30                  
    31  0112: 74 31     	MOV A, #'1'
    32                  
    33  0114:           L2:
    34                  
    35  0114: 12 81 02  	LCALL WRITE_DATA
    36                  
    37  0117: D9 EE     	DJNZ R1, LOOP
    38                  
    39  0119:           STOP:
    40                  
    41  0119: 80 FE     	SJMP STOP
