     1                  ;.TITLE	'STOPER'
     2                  ;============================
     3                  
     4        0060      STOS	EQU	60H		;wartoœæ wskaŸnika stosu w RAMie
     5                  
     6        0096      SEG_ON	EQU	P1.6		;linia wygaszania wyœwietlacza
     7                  
     8                  ;Pamiêæ wyœwietlacza
     9        0030      DISPLAY	EQU	30H
    10        0036      LEDS	EQU	DISPLAY+6
    11        0037      DOTS	EQU	LEDS+1
    12        0038      NEXT	EQU	DOTS+1
    13                  
    14                  
    15                  
    16                  ;Timer 0 przegl¹danie wskaŸników
    17                  ;uaktywniany co ok. 1ms - ni¿szy priorytet
    18                  ;1ms =~30 * 32 cykli
    19                  ;Mod 0 - starszy bajt liczy do 30
    20                   
    21                  ;Timer 1 odliczanie czasu 10 ms
    22                  ;10ms = 36*256 cykli
    23                  ;Mod 1 - przestawiam tylko starszy bajt
    24                  
    25        0010      TMOD_SET	EQU	00010000B
    26        00E2      TH0_SET		EQU	256-30
    27        00DC      TH1_SET		EQU	256-36
    28        008A      IE_SET		EQU	10001010B	;przerwania T0 i T1
    29        0008      IP_SET		EQU	00001000B	;wy¿szy priorytet T1
    30        0010      TCON_SET	EQU	00010000B	;start timer T0
    31                  ;(setb TR1 - start Timer 1)
    32                  
    33                  BANK0	MACRO
    34                  	CLR	RS0
    35                  	MACEND
    36                  
    37                  BANK1	MACRO
    38                  	SETB	RS0
    39                  	MACEND
    40                  
    41                  
    42                  
    43  0000: 02 01 00  	LJMP	START
    44                  
    45  000B:           	ORG	0BH
    46                  ;przerwanie Timer 0
    47  000B: C0 E0     	PUSH	ACC
    48  000D: C0 D0     	PUSH	PSW
    49                  	BANK1
>    1  000F: D2 D3     	SETB	RS0
>    2                  	MACEND
    50  0011: 75 8C E2  	MOV	TH0,#TH0_SET
    51  0014: 01 63     	AJMP	CONT_INTT0
    52                  
    53  001B:           	ORG	1BH
    54                  ;przerwanie Timer 1
    55  001B: C0 E0     	PUSH	ACC
    56  001D: C0 D0     	PUSH	PSW
    57                  	
    58  001F: 75 8D DC  	MOV	TH1,#TH1_SET
    59                  
    60  0022: 05 30     	INC	DISPLAY
    61  0024: 74 0A     	MOV	A,#10
    62  0026: B5 30 35  	CJNE	A,DISPLAY,INTT1_END
    63  0029: 75 30 00  	MOV	DISPLAY,#0
    64                  
    65  002C: 05 31     	INC	DISPLAY+1
    66  002E: 74 0A     	MOV	A,#10
    67  0030: B5 31 2B  	CJNE	A,DISPLAY+1,INTT1_END
    68  0033: 75 31 00  	MOV	DISPLAY+1,#0
    69                  
    70  0036: 05 32     	INC	DISPLAY+2
    71  0038: 74 0A     	MOV	A,#10
    72  003A: B5 32 21  	CJNE	A,DISPLAY+2,INTT1_END
    73  003D: 75 32 00  	MOV	DISPLAY+2,#0
    74                  
    75  0040: 05 33     	INC	DISPLAY+3
    76  0042: 74 06     	MOV	A,#6
    77  0044: B5 33 17  	CJNE	A,DISPLAY+3,INTT1_END
    78  0047: 75 33 00  	MOV	DISPLAY+3,#0
    79                  
    80  004A: 05 34     	INC	DISPLAY+4
    81  004C: 74 0A     	MOV	A,#10
    82  004E: B5 34 0D  	CJNE	A,DISPLAY+4,INTT1_END
    83  0051: 75 34 00  	MOV	DISPLAY+4,#0
    84                  
    85  0054: 05 35     	INC	DISPLAY+5
    86  0056: 74 06     	MOV	A,#6
    87  0058: B5 35 03  	CJNE	A,DISPLAY+5,INTT1_END
    88  005B: 75 35 00  	MOV	DISPLAY+5,#0
    89                  
    90  005E:           INTT1_END:
    91  005E: D0 D0     	POP	PSW
    92  0060: D0 E0     	POP	ACC
    93  0062: 32        	RETI
    94                  
    95                  
    96                  
    97  0063:           CONT_INTT0:
    98  0063: 78 38     	MOV	R0,#CSDB	;R0 - adres bufora wyswietlaczy
    99                  
   100  0065: D2 96     	SETB	SEG_ON
   101  0067: E7        	MOV	A,@R1
   102  0068: B9 36 02  	CJNE	R1,#LEDS,D7SEG
   103                  
   104                  ;wyœwietlenie Ledów
   105  006B: 80 0F     	SJMP	DISP_SET	
   106  006D:           D7SEG:
   107  006D: 31 46     	ACALL	CODE7_GET
   108                  
   109                  ;dodanie kropki
   110  006F: C0 E0     	PUSH	ACC
   111  0071: C3        	CLR	C
   112  0072: EA        	MOV	A,R2
   113  0073: 55 37     	ANL	A,DOTS
   114  0075: 60 01     	JZ	DOT_NO
   115  0077: D3        	SETB	C
   116  0078:           DOT_NO:
   117  0078: D0 E0     	POP	ACC
   118  007A: 92 E7     	MOV	ACC.7,C
   119                  
   120  007C:           DISP_SET:
   121  007C: F2        	MOVX	@R0,A
   122                  
   123  007D: EA        	MOV	A,R2		;kolejny wskaŸnik
   124  007E: 78 30     	MOV	R0,#CSDS	;R0 - adres wyboru wskaŸnika
   125  0080: F2        	MOVX	@R0,A
   126                  
   127  0081: C2 96     	CLR	SEG_ON
   128                  
   129  0083: 23        	RL	A
   130  0084: FA        	MOV	R2,A
   131  0085: 09        	INC	R1
   132  0086: B9 37 04  	CJNE	R1,#DOTS,NEXT_SEG
   133                  
   134                  ;ustaw segment 0
   135  0089: 7A 01     	MOV	R2,#1
   136  008B: 79 30     	MOV	R1,#DISPLAY	;wskaŸnik na pamiêæ wyœwietlacza
   137                  
   138  008D:           NEXT_SEG:
   139  008D: D0 D0     	POP	PSW
   140  008F: D0 E0     	POP	ACC
   141  0091: 32        	RETI
   142                  
   143                  
   144                  
   145  0100:           	ORG	100H
   146  0100:           START:
   147  0100: 75 81 60  	MOV	SP,#STOS	;wskaŸnik stosu
   148                  
   149  0103: 31 59     	ACALL	STOPPER_CLEAR
   150                  
   151  0105: 75 89 10  	MOV	TMOD,#TMOD_SET
   152  0108: 75 8C E2  	MOV	TH0,#TH0_SET
   153  010B: 75 8D DC  	MOV	TH1,#TH1_SET
   154  010E: 75 8B 00  	MOV	TL1,#0
   155  0111: 75 A8 8A  	MOV	IE,#IE_SET
   156  0114: 75 B8 08  	MOV	IP,#IP_SET
   157  0117: 75 88 10  	MOV	TCON,#TCON_SET
   158                  
   159                  
   160                  	BANK1
>    1  011A: D2 D3     	SETB	RS0
>    2                  	MACEND
   161  011C: 7A 01     	MOV	R2,#1		;wybór wskaŸnika - 0 (kod 1 z 7)
   162  011E: 79 30     	MOV	R1,#DISPLAY	;wskaŸnik na pamiêæ wyœwietlacza
   163                  	BANK0
>    1  0120: C2 D3     	CLR	RS0
>    2                  	MACEND
   164                  
   165  0122:           LOOP:
   166  0122: 12 81 0C  	LCALL	LCD_CLR
   167  0125: 90 01 6D  	MOV	DPTR,#TEXT1
   168  0128: 12 81 00  	LCALL	WRITE_TEXT
   169                  
   170  012B: 12 81 16  	LCALL	WAIT_ENTER_NW
   171                  ;start timer
   172  012E: D2 8E     	SETB	TR1
   173  0130: 75 36 10  	MOV	LEDS,#10H
   174                  
   175  0133: 12 81 0C  	LCALL	LCD_CLR
   176  0136: 90 01 8D  	MOV	DPTR,#TEXT2
   177  0139: 12 81 00  	LCALL	WRITE_TEXT
   178                  
   179  013C: 12 81 16  	LCALL	WAIT_ENTER_NW
   180                  
   181                  ;stop timer
   182  013F: C2 8E     	CLR	TR1
   183  0141: 75 36 20  	MOV	LEDS,#20H
   184                  
   185  0144: 21 22     	AJMP	LOOP	
   186                  
   187                  
   188  0146:           CODE7_GET:
   189  0146: 04        	INC	A
   190  0147: 83        	MOVC	A,@A+PC
   191  0148: 22        	RET
   192                  
   193  0149: 3F        	DB	03FH	;0
   194  014A: 06        	DB	006H	;1
   195  014B: 5B        	DB	05BH	;2
   196  014C: 4F        	DB	04FH	;3
   197  014D: 66        	DB	066H	;4
   198  014E: 6D        	DB	06DH	;5
   199  014F: 7D        	DB	07DH	;6
   200  0150: 07        	DB	007H	;7
   201  0151: 7F        	DB	07FH	;8
   202  0152: 6F        	DB	06FH	;9
   203  0153: 77        	DB	077H	;A
   204  0154: 7C        	DB	07CH	;b
   205  0155: 39        	DB	039H	;C
   206  0156: 5E        	DB	05EH	;d
   207  0157: 79        	DB	079H	;E
   208  0158: 71        	DB	071H	;F
   209                  
   210                  
   211  0159:           STOPPER_CLEAR:
   212  0159: E4        	CLR	A
   213  015A: F5 30     	MOV	DISPLAY,A
   214  015C: F5 31     	MOV	DISPLAY+1,A
   215  015E: F5 32     	MOV	DISPLAY+2,A
   216  0160: F5 33     	MOV	DISPLAY+3,A
   217  0162: F5 34     	MOV	DISPLAY+4,A
   218  0164: F5 35     	MOV	DISPLAY+5,A
   219  0166: 75 36 20  	MOV	LEDS,#20H
   220  0169: 75 37 14  	MOV	DOTS,#00010100B
   221  016C: 22        	RET
   222                  
   223                  
   224  016D:           TEXT1:
   225  016D: 45 4E 54  	DB	'ENTER -> START  '
        0170: 45 52 20 
        0173: 2D 3E 20 
        0176: 53 54 41 
        0179: 52 54 20 
        017C: 20 
   226  017D: 52 45 53  	DB	'RESET RAM->CLR ',0
        0180: 45 54 20 
        0183: 52 41 4D 
        0186: 2D 3E 43 
        0189: 4C 52 20 
        018C: 00 
   227  018D:           TEXT2:
   228  018D: 45 4E 54  	DB	'ENTER -> STOP',0
        0190: 45 52 20 
        0193: 2D 3E 20 
        0196: 53 54 4F 
        0199: 50 00 
   229                  
